[1m[92m[dns][0m

├── [1mheader[0m:
│   ├── transaction_id: [92m1032[0m
│   ├── [1mflags[0m:
│   │   ├── qr_response: [92m1[0m
│   │   ├── opcode: [92m0[0m
│   │   ├── authoritative: [92m0[0m
│   │   ├── truncated: [92m0[0m
│   │   ├── recursion_desired: [92m1[0m
│   │   ├── recursion_available: [92m1[0m
│   │   ├── z_reserved: [92m0[0m
│   │   └── rcode: [92m0[0m
│   ├── question_count: [92m0001[0m
│   ├── answer_count: [92m0001[0m
│   ├── authority_count: [92m0000[0m
│   └── additional_count: [92m0000[0m
├── [1mquestions[0m: [1 items]
│   └── [0]:
│       ├── [1mqname[0m:
│       │   ├── label_data: [92m676f6f676c65[0m
│       │   └── [1mnext[0m:
│       │       ├── label_data: [92m636f6d[0m
│       │       └── [1mnext[0m:
│       │           └── label_length: [92m0000[0m
│       ├── qtype: [92m0010[0m
│       └── qclass: [92m0001[0m
├── [1manswers[0m: [1 items]
│   └── [0]:
│       ├── [1mname[0m:
│       │   └── pointer_offset: [92mc00c00[0m
│       ├── rr_type: [92m0010[0m
│       ├── rr_class: [92m0001[0m
│       ├── ttl: [92m0000010e[0m
│       ├── rd_length: [92m0010[0m
│       └── rdata: [92m0f763d7370663120707472203f616c6c[0m
├── [1mauthority[0m: [0 items]
└── [1madditional[0m: [0 items]
