[1m[92m[dns][0m

├── [1mheader[0m:
│   ├── transaction_id: [92m4660[0m
│   ├── [1mflags[0m:
│   │   ├── qr_response: [92m0[0m
│   │   ├── opcode: [92m0[0m
│   │   ├── authoritative: [92m0[0m
│   │   ├── truncated: [92m0[0m
│   │   ├── recursion_desired: [92m1[0m
│   │   ├── recursion_available: [92m0[0m
│   │   ├── z_reserved: [92m0[0m
│   │   └── rcode: [92m0[0m
│   ├── question_count: [92m1[0m
│   ├── answer_count: [92m0[0m
│   ├── authority_count: [92m0[0m
│   └── additional_count: [92m0[0m
├── [1mquestions[0m: [1 items]
│   └── [0]:
│       ├── qname: [92mwww.example.com[0m
│       ├── qtype: [92m1 (DnsQType.A)[0m
│       └── qclass: [92m1 (DnsQClass.IN)[0m
├── [1manswers[0m: [0 items]
├── [1mauthority[0m: [0 items]
└── [1madditional[0m: [0 items]
